[1;34mLoading tests/testing.mkr...[m
color mode: off
λa.a ⇒ I, ifelse, id
λa.a ⇒ I, ifelse, id
λa.λb.b ⇒ nil, 0, false
λa.λb.b ⇒ nil, 0, false
λa.λb.a (a (a (a (a (a b))))) ⇒ 6
λa.λb.λc.λd.λe.(((a (a (a b))) c) (((a (a b)) ((a (a (a b))) c)) d)) e
λa.λb.a ⇒ K, true, const
λa.a ⇒ I, ifelse, id
λa.λb.a (a (a (a (a (a b))))) ⇒ 6
λa.λb.a (a (a (a (a (a b))))) ⇒ 6
types: on
λa.λb.a (a (a (a (a (a b))))) ⇒ 6 :: (A → A) → A → A
verbose: on
(plus 3) 2
((λλλλ((4 2) ((3 2) 1)) λλ(2 (2 (2 1)))) λλ(2 (2 1)))
(λλλ((λλ(2 (2 (2 1))) 2) ((3 2) 1)) λλ(2 (2 1)))
λλ((λλ(2 (2 (2 1))) 2) ((λλ(2 (2 1)) 2) 1))
λλ(λ(3 (3 (3 1))) (λ(3 (3 1)) 1))
λλ(2 (2 (2 (λ(3 (3 1)) 1))))
λλ(2 (2 (2 (2 (2 1)))))

λa.λb.a (a (a (a (a b)))) ⇒ 5 :: (A → A) → A → A
[m